// Jest Snapshot v1, https://goo.gl/fbAQLP

exports[`Pruebas in <HookApp> Debe mostrarse correctamente 1`] = `
<div>
  <h1>
    HOLA
  </h1>
</div>
`;
