// Jest Snapshot v1, https://goo.gl/fbAQLP

exports[`Pruebas en <AppRouter/> Debe de mostrarse correctamente 1`] = `
<div>
  <nav
    className="navbar navbar-expand-lg navbar-dark bg-dark"
  >
    <a
      className="navbar-brand"
      href="#"
    >
      Use Context
    </a>
    <button
      aria-controls="navbarText"
      aria-expanded="false"
      aria-label="Toggle navigation"
      className="navbar-toggler"
      data-target="#navbarText"
      data-toggle="collapse"
      type="button"
    >
      <span
        className="navbar-toggler-icon"
      />
    </button>
    <div
      className="collapse navbar-collapse"
      id="navbarText"
    >
      <ul
        className="navbar-nav mr-auto"
      >
        <li
          className="nav-item active"
        >
          <a
            aria-current="page"
            className="nav-item nav-link active"
            href="/"
            onClick={[Function]}
            style={Object {}}
          >
            Home
          </a>
        </li>
        <li
          className="nav-item"
        >
          <a
            aria-current={null}
            className="nav-item nav-link"
            href="/about"
            onClick={[Function]}
          >
            About
          </a>
        </li>
        <li
          className="nav-item"
        >
          <a
            aria-current={null}
            className="nav-item nav-link"
            href="/login"
            onClick={[Function]}
          >
            Login
          </a>
        </li>
      </ul>
    </div>
  </nav>
  <div
    className="container"
  >
    <div>
      <h1>
        Home Page
      </h1>
      <hr />
      <pre>
        {
   "name": "kevin",
   "id": 1
}
      </pre>
    </div>
  </div>
</div>
`;
