// Jest Snapshot v1, https://goo.gl/fbAQLP

exports[`Pruebas en componente <HomePage/> Debe de mostrarse correctamente 1`] = `
<div>
  <h1>
    Home Page
  </h1>
  <hr />
  <pre>
    {
   "name": "Kevin",
   "emial": "test@mail.com"
}
  </pre>
</div>
`;
